// Jest Snapshot v1, https://goo.gl/fbAQLP

exports[`lets see  function is working or not  1`] = `ReactWrapper {}`;

exports[`lets see  function is working or not  2`] = `ReactWrapper {}`;
