// Jest Snapshot v1, https://goo.gl/fbAQLP

exports[`expect that react encyme shuld work 1`] = `ShallowWrapper {}`;
